<?xml version="1.0" encoding="UTF-8" standalone="yes"?><DefaultTagCloudResponse xmlns:ns2="http://webservice.datawave.nsa/v1"><ns2:HasResults>true</ns2:HasResults><ns2:OperationTimeMS>734</ns2:OperationTimeMS><ns2:LogicName>KeywordUUIDQuery</ns2:LogicName><ns2:PageNumber>1</ns2:PageNumber><ns2:PartialResults>false</ns2:PartialResults><ns2:QueryId>2b13c283-f228-4f09-9f9d-e4e184d5a638</ns2:QueryId><TagClouds><TagCloud><language>ENGLISH</language><markings/><tags><tag><df>2</df><score>0.0038</score><sources><source>PAGE_ID:15271</source></sources><term>information</term></tag><tag><df>2</df><score>0.0048</score><sources><source>PAGE_ID:15271</source></sources><term>information retrieval</term></tag><tag><df>2</df><score>0.0073</score><sources><source>PAGE_ID:15271</source></sources><term>retrieval</term></tag><tag><df>2</df><score>0.0114</score><sources><source>PAGE_ID:21725</source></sources><term>case</term></tag><tag><df>2</df><score>0.0179</score><sources><source>PAGE_ID:21725</source></sources><term>gibson</term></tag><tag><df>2</df><score>0.0219</score><sources><source>PAGE_ID:21725</source></sources><term>novel</term></tag><tag><df>2</df><score>0.0255</score><sources><source>PAGE_ID:15271</source></sources><term>search</term></tag><tag><df>2</df><score>0.0281</score><sources><source>PAGE_ID:15271</source></sources><term>ir</term></tag><tag><df>2</df><score>0.0407</score><sources><source>PAGE_ID:15271</source></sources><term>documents</term></tag><tag><df>2</df><score>0.042</score><sources><source>PAGE_ID:15271</source></sources><term>first</term></tag><tag><df>2</df><score>0.042</score><sources><source>PAGE_ID:21725</source></sources><term>molly</term></tag><tag><df>2</df><score>0.0472</score><sources><source>PAGE_ID:15271</source><source>PAGE_ID:52160661</source></sources><term>system</term></tag><tag><df>2</df><score>0.0596</score><sources><source>PAGE_ID:21725</source></sources><term>one</term></tag><tag><df>2</df><score>0.0672</score><sources><source>PAGE_ID:21725</source></sources><term>armitage</term></tag><tag><df>1</df><score>0.029</score><sources><source>PAGE_ID:17006490</source></sources><term>video</term></tag><tag><df>1</df><score>0.0291</score><sources><source>PAGE_ID:15271</source></sources><term>models</term></tag><tag><df>1</df><score>0.032</score><sources><source>PAGE_ID:52160661</source></sources><term>mb</term></tag><tag><df>1</df><score>0.0421</score><sources><source>PAGE_ID:21725</source></sources><term>cyberpunk</term></tag><tag><df>1</df><score>0.0446</score><sources><source>PAGE_ID:21725</source></sources><term>neuromancer</term></tag><tag><df>1</df><score>0.0464</score><sources><source>PAGE_ID:15271</source></sources><term>journal</term></tag><tag><df>1</df><score>0.0512</score><sources><source>PAGE_ID:17006490</source></sources><term>alien</term></tag><tag><df>1</df><score>0.0533</score><sources><source>PAGE_ID:14124151</source></sources><term>data</term></tag><tag><df>1</df><score>0.0541</score><sources><source>PAGE_ID:15271</source></sources><term>conference</term></tag><tag><df>1</df><score>0.0547</score><sources><source>PAGE_ID:21725</source></sources><term>corto</term></tag><tag><df>1</df><score>0.0552</score><sources><source>PAGE_ID:17006490</source></sources><term>game</term></tag><tag><df>1</df><score>0.0555</score><sources><source>PAGE_ID:52160661</source></sources><term>onion</term></tag><tag><df>1</df><score>0.0557</score><sources><source>PAGE_ID:15271</source></sources><term>may</term></tag><tag><df>1</df><score>0.0572</score><sources><source>PAGE_ID:15271</source></sources><term>published</term></tag><tag><df>1</df><score>0.069</score><sources><source>PAGE_ID:21725</source></sources><term>web</term></tag><tag><df>1</df><score>0.072</score><sources><source>PAGE_ID:17006490</source></sources><term>aliens</term></tag><tag><df>1</df><score>0.0733</score><sources><source>PAGE_ID:17006490</source></sources><term>arcade</term></tag><tag><df>1</df><score>0.0742</score><sources><source>PAGE_ID:21725</source></sources><term>wintermute</term></tag><tag><df>1</df><score>0.0746</score><sources><source>PAGE_ID:21725</source></sources><term>best</term></tag><tag><df>1</df><score>0.0847</score><sources><source>PAGE_ID:21725</source></sources><term>book</term></tag><tag><df>1</df><score>0.0885</score><sources><source>PAGE_ID:21725</source></sources><term>science</term></tag><tag><df>1</df><score>0.0969</score><sources><source>PAGE_ID:17006490</source></sources><term>player</term></tag><tag><df>1</df><score>0.0992</score><sources><source>PAGE_ID:14124151</source></sources><term>core</term></tag><tag><df>1</df><score>0.0997</score><sources><source>PAGE_ID:17006490</source></sources><term>games</term></tag><tag><df>1</df><score>0.1011</score><sources><source>PAGE_ID:17006490</source></sources><term>magazine</term></tag><tag><df>1</df><score>0.1024</score><sources><source>PAGE_ID:14124151</source></sources><term>core data</term></tag><tag><df>1</df><score>0.1046</score><sources><source>PAGE_ID:14124151</source></sources><term>integration</term></tag><tag><df>1</df><score>0.1084</score><sources><source>PAGE_ID:17006490</source></sources><term>april</term></tag><tag><df>1</df><score>0.1164</score><sources><source>PAGE_ID:14124151</source></sources><term>data integration</term></tag><tag><df>1</df><score>0.1213</score><sources><source>PAGE_ID:17006490</source></sources><term>play</term></tag><tag><df>1</df><score>0.1411</score><sources><source>PAGE_ID:52160661</source></sources><term>operating</term></tag><tag><df>1</df><score>0.144</score><sources><source>PAGE_ID:14124151</source></sources><term>implementations</term></tag><tag><df>1</df><score>0.1545</score><sources><source>PAGE_ID:52160661</source></sources><term>linux</term></tag><tag><df>1</df><score>0.1634</score><sources><source>PAGE_ID:52160661</source></sources><term>omega</term></tag><tag><df>1</df><score>0.1638</score><sources><source>PAGE_ID:52160661</source></sources><term>operating system</term></tag><tag><df>1</df><score>0.1673</score><sources><source>PAGE_ID:52160661</source></sources><term>based</term></tag><tag><df>1</df><score>0.1715</score><sources><source>PAGE_ID:52160661</source></sources><term>computer</term></tag><tag><df>1</df><score>0.1851</score><sources><source>PAGE_ID:52160661</source></sources><term>expansion</term></tag><tag><df>1</df><score>0.2201</score><sources><source>PAGE_ID:14124151</source></sources><term>centrally</term></tag><tag><df>1</df><score>0.2309</score><sources><source>PAGE_ID:14124151</source></sources><term>core data integration</term></tag><tag><df>1</df><score>0.2327</score><sources><source>PAGE_ID:14124151</source></sources><term>eai</term></tag><tag><df>1</df><score>0.2348</score><sources><source>PAGE_ID:14124151</source></sources><term>etl</term></tag></tags></TagCloud></TagClouds></DefaultTagCloudResponse>