<?xml version="1.0" encoding="UTF-8" standalone="yes"?><DefaultTagCloudResponse xmlns:ns2="http://webservice.datawave.nsa/v1"><ns2:HasResults>true</ns2:HasResults><ns2:OperationTimeMS>560</ns2:OperationTimeMS><ns2:LogicName>KeywordUUIDQuery</ns2:LogicName><ns2:PageNumber>1</ns2:PageNumber><ns2:PartialResults>false</ns2:PartialResults><ns2:QueryId>d0d80b19-1c71-4449-9a81-ae4c92d596d1</ns2:QueryId><TagClouds><TagCloud><language>ENGLISH</language><markings/><tags><tag><df>1</df><score>0.0161</score><sources><source>PAGE_ID:12</source></sources><term>anarchism</term></tag><tag><df>1</df><score>0.0188</score><sources><source>PAGE_ID:12</source></sources><term>anarchist</term></tag><tag><df>1</df><score>0.0261</score><sources><source>PAGE_ID:12</source></sources><term>political</term></tag><tag><df>1</df><score>0.0482</score><sources><source>PAGE_ID:12</source></sources><term>first</term></tag><tag><df>1</df><score>0.0545</score><sources><source>PAGE_ID:12</source></sources><term>anarchists</term></tag><tag><df>1</df><score>0.0551</score><sources><source>PAGE_ID:12</source></sources><term>history</term></tag><tag><df>1</df><score>0.0648</score><sources><source>PAGE_ID:12</source></sources><term>book</term></tag><tag><df>1</df><score>0.0667</score><sources><source>PAGE_ID:12</source></sources><term>social</term></tag><tag><df>1</df><score>0.0689</score><sources><source>PAGE_ID:12</source></sources><term>authority</term></tag><tag><df>1</df><score>0.0722</score><sources><source>PAGE_ID:12</source></sources><term>human</term></tag></tags></TagCloud></TagClouds></DefaultTagCloudResponse>