<?xml version="1.0" encoding="UTF-8" standalone="yes"?><DefaultTagCloudResponse xmlns:ns2="http://webservice.datawave.nsa/v1"><ns2:HasResults>true</ns2:HasResults><ns2:OperationTimeMS>194</ns2:OperationTimeMS><ns2:LogicName>KeywordUUIDQuery</ns2:LogicName><ns2:PageNumber>1</ns2:PageNumber><ns2:PartialResults>false</ns2:PartialResults><ns2:QueryId>3008adcb-e2c5-47f7-8101-c162b0c513c6</ns2:QueryId></DefaultTagCloudResponse>