<?xml version="1.0" encoding="UTF-8" standalone="yes"?><DefaultTagCloudResponse xmlns:ns2="http://webservice.datawave.nsa/v1"><ns2:HasResults>true</ns2:HasResults><ns2:OperationTimeMS>1276</ns2:OperationTimeMS><ns2:LogicName>KeywordUUIDQuery</ns2:LogicName><ns2:PageNumber>1</ns2:PageNumber><ns2:PartialResults>false</ns2:PartialResults><ns2:QueryId>851e75bd-df63-4aec-8560-a0594a6535f3</ns2:QueryId><TagClouds><TagCloud><language>ENGLISH</language><markings/><tags><tag><df>3</df><score>0.0219</score><sources><source>PAGE_ID:53979379</source><source>PAGE_ID:21725</source></sources><term>novel</term></tag><tag><df>2</df><score>0.0114</score><sources><source>PAGE_ID:21725</source></sources><term>case</term></tag><tag><df>2</df><score>0.0179</score><sources><source>PAGE_ID:21725</source></sources><term>gibson</term></tag><tag><df>2</df><score>0.042</score><sources><source>PAGE_ID:21725</source></sources><term>molly</term></tag><tag><df>2</df><score>0.0596</score><sources><source>PAGE_ID:21725</source></sources><term>one</term></tag><tag><df>2</df><score>0.0672</score><sources><source>PAGE_ID:21725</source></sources><term>armitage</term></tag><tag><df>2</df><score>0.0885</score><sources><source>PAGE_ID:53979379</source><source>PAGE_ID:21725</source></sources><term>science</term></tag><tag><df>1</df><score>0.0421</score><sources><source>PAGE_ID:21725</source></sources><term>cyberpunk</term></tag><tag><df>1</df><score>0.0446</score><sources><source>PAGE_ID:21725</source></sources><term>neuromancer</term></tag><tag><df>1</df><score>0.0457</score><sources><source>PAGE_ID:53979379</source></sources><term>story</term></tag><tag><df>1</df><score>0.0547</score><sources><source>PAGE_ID:21725</source></sources><term>corto</term></tag><tag><df>1</df><score>0.0628</score><sources><source>PAGE_ID:53979379</source></sources><term>bethke</term></tag><tag><df>1</df><score>0.069</score><sources><source>PAGE_ID:21725</source></sources><term>web</term></tag><tag><df>1</df><score>0.0742</score><sources><source>PAGE_ID:21725</source></sources><term>wintermute</term></tag><tag><df>1</df><score>0.0746</score><sources><source>PAGE_ID:21725</source></sources><term>best</term></tag><tag><df>1</df><score>0.0818</score><sources><source>PAGE_ID:53979379</source></sources><term>bruce</term></tag><tag><df>1</df><score>0.0847</score><sources><source>PAGE_ID:21725</source></sources><term>book</term></tag><tag><df>1</df><score>0.0877</score><sources><source>PAGE_ID:53979379</source></sources><term>short</term></tag><tag><df>1</df><score>0.0991</score><sources><source>PAGE_ID:53979379</source></sources><term>publisher</term></tag><tag><df>1</df><score>0.1014</score><sources><source>PAGE_ID:53979379</source></sources><term>short story</term></tag><tag><df>1</df><score>0.1614</score><sources><source>PAGE_ID:53979379</source></sources><term>science fiction</term></tag><tag><df>1</df><score>0.1773</score><sources><source>PAGE_ID:53979379</source></sources><term>fiction</term></tag></tags></TagCloud><TagCloud><language>SPANISH</language><markings/><tags><tag><df>1</df><score>0.0042</score><sources><source>PAGE_ID:471581</source></sources><term>case</term></tag><tag><df>1</df><score>0.0134</score><sources><source>PAGE_ID:15421</source></sources><term>ciberpunk</term></tag><tag><df>1</df><score>0.0233</score><sources><source>PAGE_ID:471581</source></sources><term>molly</term></tag><tag><df>1</df><score>0.0235</score><sources><source>PAGE_ID:471581</source></sources><term>wintermute</term></tag><tag><df>1</df><score>0.0243</score><sources><source>PAGE_ID:15421</source></sources><term>ciencia</term></tag><tag><df>1</df><score>0.0268</score><sources><source>PAGE_ID:471581</source></sources><term>armitage</term></tag><tag><df>1</df><score>0.0279</score><sources><source>PAGE_ID:471581</source></sources><term>gibson</term></tag><tag><df>1</df><score>0.0284</score><sources><source>PAGE_ID:471581</source></sources><term>neuromante</term></tag><tag><df>1</df><score>0.0341</score><sources><source>PAGE_ID:15421</source></sources><term>ficción</term></tag><tag><df>1</df><score>0.0434</score><sources><source>PAGE_ID:471581</source></sources><term>corto</term></tag><tag><df>1</df><score>0.0494</score><sources><source>PAGE_ID:15421</source></sources><term>ciencia ficción</term></tag><tag><df>1</df><score>0.0534</score><sources><source>PAGE_ID:15421</source></sources><term>película</term></tag><tag><df>1</df><score>0.0587</score><sources><source>PAGE_ID:471581</source></sources><term>riviera</term></tag><tag><df>1</df><score>0.0644</score><sources><source>PAGE_ID:471581</source></sources><term>personalidad</term></tag><tag><df>1</df><score>0.0727</score><sources><source>PAGE_ID:471581</source></sources><term>lady</term></tag><tag><df>1</df><score>0.0749</score><sources><source>PAGE_ID:15421</source></sources><term>novela</term></tag><tag><df>1</df><score>0.0811</score><sources><source>PAGE_ID:15421</source></sources><term>ser</term></tag><tag><df>1</df><score>0.0839</score><sources><source>PAGE_ID:15421</source></sources><term>futuro</term></tag><tag><df>1</df><score>0.0842</score><sources><source>PAGE_ID:15421</source></sources><term>escritores</term></tag><tag><df>1</df><score>0.0894</score><sources><source>PAGE_ID:15421</source></sources><term>the</term></tag></tags></TagCloud><TagCloud><language>GERMAN</language><markings/><tags><tag><df>1</df><score>0.0105</score><sources><source>PAGE_ID:19596</source></sources><term>cyberpunk</term></tag><tag><df>1</df><score>0.0298</score><sources><source>PAGE_ID:19596</source></sources><term>the</term></tag><tag><df>1</df><score>0.0431</score><sources><source>PAGE_ID:19596</source></sources><term>science fiction</term></tag><tag><df>1</df><score>0.0453</score><sources><source>PAGE_ID:19596</source></sources><term>science</term></tag><tag><df>1</df><score>0.0503</score><sources><source>PAGE_ID:19596</source></sources><term>fiction</term></tag><tag><df>1</df><score>0.0558</score><sources><source>PAGE_ID:19596</source></sources><term>isbn</term></tag><tag><df>1</df><score>0.0588</score><sources><source>PAGE_ID:19596</source></sources><term>of</term></tag><tag><df>1</df><score>0.0641</score><sources><source>PAGE_ID:19596</source></sources><term>jahr</term></tag><tag><df>1</df><score>0.0675</score><sources><source>PAGE_ID:19596</source></sources><term>a</term></tag><tag><df>1</df><score>0.0681</score><sources><source>PAGE_ID:19596</source></sources><term>film</term></tag></tags></TagCloud><TagCloud><language>FRENCH</language><markings/><tags><tag><df>2</df><score>0.0141</score><sources><source>PAGE_ID:38720</source><source>PAGE_ID:725</source></sources><term>the</term></tag><tag><df>2</df><score>0.0347</score><sources><source>PAGE_ID:38720</source><source>PAGE_ID:725</source></sources><term>a</term></tag><tag><df>1</df><score>0.0098</score><sources><source>PAGE_ID:725</source></sources><term>cyberpunk</term></tag><tag><df>1</df><score>0.0267</score><sources><source>PAGE_ID:38720</source></sources><term>gibson</term></tag><tag><df>1</df><score>0.0289</score><sources><source>PAGE_ID:725</source></sources><term>plus</term></tag><tag><df>1</df><score>0.0334</score><sources><source>PAGE_ID:725</source></sources><term>jeu</term></tag><tag><df>1</df><score>0.0516</score><sources><source>PAGE_ID:38720</source></sources><term>of</term></tag><tag><df>1</df><score>0.06</score><sources><source>PAGE_ID:725</source></sources><term>comme</term></tag><tag><df>1</df><score>0.0602</score><sources><source>PAGE_ID:725</source></sources><term>où</term></tag><tag><df>1</df><score>0.0681</score><sources><source>PAGE_ID:38720</source></sources><term>roman</term></tag><tag><df>1</df><score>0.0687</score><sources><source>PAGE_ID:38720</source></sources><term>and</term></tag><tag><df>1</df><score>0.0687</score><sources><source>PAGE_ID:38720</source></sources><term>meilleur</term></tag><tag><df>1</df><score>0.0759</score><sources><source>PAGE_ID:38720</source></sources><term>in</term></tag><tag><df>1</df><score>0.0796</score><sources><source>PAGE_ID:725</source></sources><term>futur</term></tag><tag><df>1</df><score>0.081</score><sources><source>PAGE_ID:38720</source></sources><term>william gibson</term></tag><tag><df>1</df><score>0.0819</score><sources><source>PAGE_ID:38720</source></sources><term>william</term></tag><tag><df>1</df><score>0.0848</score><sources><source>PAGE_ID:725</source></sources><term>souvent</term></tag><tag><df>1</df><score>0.0851</score><sources><source>PAGE_ID:725</source></sources><term>science</term></tag></tags></TagCloud></TagClouds></DefaultTagCloudResponse>